
> renault-system@0.1.0 build
> next build

   Γû▓ Next.js 15.1.0

   Creating an optimized production build ...
 Γ£ô Compiled successfully
   Linting and checking validity of types ...
node.exe :  Γ¿» ESLint: 
Cannot find module 'D:\renaul
t-system\node_modules\eslint-
config-next\core-web-vitals' 
imported from D:\renault-syst
em\eslint.config.mjs Did you 
mean to import "eslint-config
-next/core-web-vitals.js"?
At C:\Users\Mahmoud\AppData\R
oaming\npm\npm.ps1:24 char:5
+     & "node$exe"  "$basedir
/node_modules/npm/bin/npm-cli
.js" $args
+     ~~~~~~~~~~~~~~~~~~~~~~~
~~~~~~~~~~~~~~~~~~~~~~~~~~~~~
~~~~~~~~~~
    + CategoryInfo           
   : NotSpecified: ( Γ¿» ES  
  Lint: Ca...web-vitals.js   
 "?:String) [], RemoteExc    
eption
    + FullyQualifiedErrorId  
   : NativeCommandError
 
Failed to compile.

./src/app/booking/page.tsx:29
0:6
Type error: Property 
'onSaveArchive' is missing 
in type '{ activeModal: 
RowModalType; currentRow: 
PendingRow | null; onClose: 
() => void; onSaveNote: 
(content: string) => void; 
onSaveReminder: (reminder: { 
date: string; time: string; 
subject: string; } | null | 
undefined) => void; 
onSaveAttachment: (path: 
string | undefined) => void; 
}' but required in type 
'RowModalsProps'.

[0m [90m 288 |[39m 				
[33m/[39m[33m>[39m[0m
[0m [90m 289 |[39m[0m
[0m[31m[1m>[22m[39m[90m
 290 |[39m 				[33m<[39m[
33mRowModals[39m[0m
[0m [90m     |[39m 				 
[31m[1m^[22m[39m[0m
[0m [90m 291 |[39m 					ac
tiveModal[33m=[39m{activeMo
dal}[0m
[0m [90m 292 |[39m 					cu
rrentRow[33m=[39m{currentRo
w}[0m
[0m [90m 293 |[39m 					on
Close[33m=[39m{closeModal}
[0m
